SMM: enter
EAX=00000001 EBX=0000000b ECX=02000000 EDX=02000628
ESI=00000000 EDI=02000000 EBP=00000007 ESP=00006d78
EIP=000ee460 EFL=00000002 [-------] CPL=0 II=0 A20=1 SMM=0 HLT=0
ES =0010 00000000 ffffffff 00cf9300 DPL=0 DS   [-WA]
CS =0008 00000000 ffffffff 00cf9b00 DPL=0 CS32 [-RA]
SS =0010 00000000 ffffffff 00cf9300 DPL=0 DS   [-WA]
DS =0010 00000000 ffffffff 00cf9300 DPL=0 DS   [-WA]
FS =0010 00000000 ffffffff 00cf9300 DPL=0 DS   [-WA]
GS =0010 00000000 ffffffff 00cf9300 DPL=0 DS   [-WA]
LDT=0000 00000000 0000ffff 00008200 DPL=0 LDT
TR =0000 00000000 0000ffff 00008b00 DPL=0 TSS32-busy
GDT=     000f7080 00000037
IDT=     000f70be 00000000
CR0=00000011 CR2=00000000 CR3=00000000 CR4=00000000
DR0=0000000000000000 DR1=0000000000000000 DR2=0000000000000000 DR3=0000000000000000 
DR6=00000000ffff0ff0 DR7=0000000000000400
CCS=00000080 CCD=00000001 CCO=LOGICB  
EFER=0000000000000000
SMM: after RSM
EAX=00000001 EBX=0000000b ECX=02000000 EDX=02000628
ESI=00000000 EDI=02000000 EBP=00000007 ESP=00006d78
EIP=000ee460 EFL=00000002 [-------] CPL=0 II=0 A20=1 SMM=0 HLT=0
ES =0010 00000000 ffffffff 00c09300 DPL=0 DS   [-WA]
CS =0008 00000000 ffffffff 00c09b00 DPL=0 CS32 [-RA]
SS =0010 00000000 ffffffff 00c09300 DPL=0 DS   [-WA]
DS =0010 00000000 ffffffff 00c09300 DPL=0 DS   [-WA]
FS =0010 00000000 ffffffff 00c09300 DPL=0 DS   [-WA]
GS =0010 00000000 ffffffff 00c09300 DPL=0 DS   [-WA]
LDT=0000 00000000 0000ffff 00008200 DPL=0 LDT
TR =0000 00000000 0000ffff 00008b00 DPL=0 TSS32-busy
GDT=     000f7080 00000037
IDT=     000f70be 00000000
CR0=00000011 CR2=00000000 CR3=00000000 CR4=00000000
DR0=0000000000000000 DR1=0000000000000000 DR2=0000000000000000 DR3=0000000000000000 
DR6=00000000ffff0ff0 DR7=0000000000000400
CCS=00000000 CCD=000a7fe4 CCO=EFLAGS  
EFER=0000000000000000
SMM: enter
EAX=000000b5 EBX=000f8b3c ECX=00001234 EDX=0000de00
ESI=00006cd8 EDI=1ffbdd1f EBP=00006c98 ESP=00006c98
EIP=00008b3b EFL=00000002 [-------] CPL=0 II=0 A20=1 SMM=0 HLT=0
ES =de00 000de000 ffffffff 008f9300
CS =f000 000f0000 ffffffff 008f9b00
SS =0000 00000000 ffffffff 008f9300
DS =0000 00000000 ffffffff 008f9300
FS =0000 00000000 ffffffff 008f9300
GS =0000 00000000 ffffffff 008f9300
LDT=0000 00000000 0000ffff 00008200
TR =0000 00000000 0000ffff 00008b00
GDT=     00000000 00000000
IDT=     00000000 000003ff
CR0=00000010 CR2=00000000 CR3=00000000 CR4=00000000
DR0=0000000000000000 DR1=0000000000000000 DR2=0000000000000000 DR3=0000000000000000 
DR6=00000000ffff0ff0 DR7=0000000000000400
CCS=00000000 CCD=00006c98 CCO=EFLAGS  
EFER=0000000000000000
SMM: after RSM
EAX=000000b5 EBX=000f8b3c ECX=00001234 EDX=0000de00
ESI=00006cd8 EDI=1ffbdd1f EBP=00006c98 ESP=00006c98
EIP=000f8b3c EFL=00000002 [-------] CPL=0 II=0 A20=1 SMM=0 HLT=0
ES =0010 00000000 ffffffff 00c09300 DPL=0 DS   [-WA]
CS =0008 00000000 ffffffff 00c09b00 DPL=0 CS32 [-RA]
SS =0010 00000000 ffffffff 00c09300 DPL=0 DS   [-WA]
DS =0010 00000000 ffffffff 00c09300 DPL=0 DS   [-WA]
FS =0010 00000000 ffffffff 00c09300 DPL=0 DS   [-WA]
GS =0010 00000000 ffffffff 00c09300 DPL=0 DS   [-WA]
LDT=0000 00000000 0000ffff 00008200 DPL=0 LDT
TR =0000 00000000 0000ffff 00008b00 DPL=0 TSS32-busy
GDT=     000f7080 00000037
IDT=     000f70be 00000000
CR0=00000011 CR2=00000000 CR3=00000000 CR4=00000000
DR0=0000000000000000 DR1=0000000000000000 DR2=0000000000000000 DR3=0000000000000000 
DR6=00000000ffff0ff0 DR7=0000000000000400
CCS=00000000 CCD=000a7fe4 CCO=EFLAGS  
EFER=0000000000000000
SMM: enter
EAX=000000b5 EBX=00008b56 ECX=00005678 EDX=1ffbfea4
ESI=000ecea0 EDI=1ffbdd1f EBP=00006c98 ESP=00006c98
EIP=000f8b55 EFL=00000016 [----AP-] CPL=0 II=0 A20=1 SMM=0 HLT=0
ES =0010 00000000 ffffffff 00c09300 DPL=0 DS   [-WA]
CS =0008 00000000 ffffffff 00c09b00 DPL=0 CS32 [-RA]
SS =0010 00000000 ffffffff 00c09300 DPL=0 DS   [-WA]
DS =0010 00000000 ffffffff 00c09300 DPL=0 DS   [-WA]
FS =0010 00000000 ffffffff 00c09300 DPL=0 DS   [-WA]
GS =0010 00000000 ffffffff 00c09300 DPL=0 DS   [-WA]
LDT=0000 00000000 0000ffff 00008200 DPL=0 LDT
TR =0000 00000000 0000ffff 00008b00 DPL=0 TSS32-busy
GDT=     000f7080 00000037
IDT=     000f70be 00000000
CR0=00000011 CR2=00000000 CR3=00000000 CR4=00000000
DR0=0000000000000000 DR1=0000000000000000 DR2=0000000000000000 DR3=0000000000000000 
DR6=00000000ffff0ff0 DR7=0000000000000400
CCS=00000014 CCD=00006c84 CCO=EFLAGS  
EFER=0000000000000000
SMM: after RSM
EAX=000000b5 EBX=00008b56 ECX=00005678 EDX=1ffbfea4
ESI=000ecea0 EDI=1ffbdd1f EBP=00006c98 ESP=00006c98
EIP=00008b56 EFL=00000002 [-------] CPL=0 II=0 A20=1 SMM=0 HLT=0
ES =de00 000de000 ffffffff 00809300
CS =f000 000f0000 ffffffff 00809b00
SS =0000 00000000 ffffffff 00809300
DS =0000 00000000 ffffffff 00809300
FS =0000 00000000 ffffffff 00809300
GS =0000 00000000 ffffffff 00809300
LDT=0000 00000000 0000ffff 00008200
TR =0000 00000000 0000ffff 00008b00
GDT=     00000000 00000000
IDT=     00000000 000003ff
CR0=00000010 CR2=00000000 CR3=00000000 CR4=00000000
DR0=0000000000000000 DR1=0000000000000000 DR2=0000000000000000 DR3=0000000000000000 
DR6=00000000ffff0ff0 DR7=0000000000000400
CCS=00000000 CCD=000a7fe4 CCO=EFLAGS  
EFER=0000000000000000
SMM: enter
EAX=000000b5 EBX=000f8b3c ECX=00001234 EDX=0000de00
ESI=000069ba EDI=1ffbdd1f EBP=0000697a ESP=0000697a
EIP=00008b3b EFL=00000002 [-------] CPL=0 II=0 A20=1 SMM=0 HLT=0
ES =de00 000de000 ffffffff 008f9300
CS =f000 000f0000 ffffffff 008f9b00
SS =0000 00000000 ffffffff 008f9300
DS =0000 00000000 ffffffff 008f9300
FS =0000 00000000 ffffffff 008f9300
GS =ca00 000ca000 ffffffff 008f9300
LDT=0000 00000000 0000ffff 00008200
TR =0000 00000000 0000ffff 00008b00
GDT=     00000000 00000000
IDT=     00000000 000003ff
CR0=00000010 CR2=00000000 CR3=00000000 CR4=00000000
DR0=0000000000000000 DR1=0000000000000000 DR2=0000000000000000 DR3=0000000000000000 
DR6=00000000ffff0ff0 DR7=0000000000000400
CCS=00000000 CCD=0000697a CCO=EFLAGS  
EFER=0000000000000000
SMM: after RSM
EAX=000000b5 EBX=000f8b3c ECX=00001234 EDX=0000de00
ESI=000069ba EDI=1ffbdd1f EBP=0000697a ESP=0000697a
EIP=000f8b3c EFL=00000002 [-------] CPL=0 II=0 A20=1 SMM=0 HLT=0
ES =0010 00000000 ffffffff 00c09300 DPL=0 DS   [-WA]
CS =0008 00000000 ffffffff 00c09b00 DPL=0 CS32 [-RA]
SS =0010 00000000 ffffffff 00c09300 DPL=0 DS   [-WA]
DS =0010 00000000 ffffffff 00c09300 DPL=0 DS   [-WA]
FS =0010 00000000 ffffffff 00c09300 DPL=0 DS   [-WA]
GS =0010 00000000 ffffffff 00c09300 DPL=0 DS   [-WA]
LDT=0000 00000000 0000ffff 00008200 DPL=0 LDT
TR =0000 00000000 0000ffff 00008b00 DPL=0 TSS32-busy
GDT=     000f7080 00000037
IDT=     000f70be 00000000
CR0=00000011 CR2=00000000 CR3=00000000 CR4=00000000
DR0=0000000000000000 DR1=0000000000000000 DR2=0000000000000000 DR3=0000000000000000 
DR6=00000000ffff0ff0 DR7=0000000000000400
CCS=00000000 CCD=000a7fe4 CCO=EFLAGS  
EFER=0000000000000000
SMM: enter
EAX=000000b5 EBX=00008b56 ECX=00005678 EDX=00000014
ESI=00000000 EDI=1ffbdd1f EBP=0000697a ESP=0000697a
EIP=000f8b55 EFL=00000016 [----AP-] CPL=0 II=0 A20=1 SMM=0 HLT=0
ES =0010 00000000 ffffffff 00c09300 DPL=0 DS   [-WA]
CS =0008 00000000 ffffffff 00c09b00 DPL=0 CS32 [-RA]
SS =0010 00000000 ffffffff 00c09300 DPL=0 DS   [-WA]
DS =0010 00000000 ffffffff 00c09300 DPL=0 DS   [-WA]
FS =0010 00000000 ffffffff 00c09300 DPL=0 DS   [-WA]
GS =0010 00000000 ffffffff 00c09300 DPL=0 DS   [-WA]
LDT=0000 00000000 0000ffff 00008200 DPL=0 LDT
TR =0000 00000000 0000ffff 00008b00 DPL=0 TSS32-busy
GDT=     000f7080 00000037
IDT=     000f70be 00000000
CR0=00000011 CR2=00000000 CR3=00000000 CR4=00000000
DR0=0000000000000000 DR1=0000000000000000 DR2=0000000000000000 DR3=0000000000000000 
DR6=00000000ffff0ff0 DR7=0000000000000400
CCS=00000014 CCD=00006966 CCO=EFLAGS  
EFER=0000000000000000
SMM: after RSM
EAX=000000b5 EBX=00008b56 ECX=00005678 EDX=00000014
ESI=00000000 EDI=1ffbdd1f EBP=0000697a ESP=0000697a
EIP=00008b56 EFL=00000002 [-------] CPL=0 II=0 A20=1 SMM=0 HLT=0
ES =de00 000de000 ffffffff 00809300
CS =f000 000f0000 ffffffff 00809b00
SS =0000 00000000 ffffffff 00809300
DS =0000 00000000 ffffffff 00809300
FS =0000 00000000 ffffffff 00809300
GS =ca00 000ca000 ffffffff 00809300
LDT=0000 00000000 0000ffff 00008200
TR =0000 00000000 0000ffff 00008b00
GDT=     00000000 00000000
IDT=     00000000 000003ff
CR0=00000010 CR2=00000000 CR3=00000000 CR4=00000000
DR0=0000000000000000 DR1=0000000000000000 DR2=0000000000000000 DR3=0000000000000000 
DR6=00000000ffff0ff0 DR7=0000000000000400
CCS=00000000 CCD=000a7fe4 CCO=EFLAGS  
EFER=0000000000000000
SMM: enter
EAX=000000b5 EBX=000f8b3c ECX=00001234 EDX=0000de00
ESI=000069b4 EDI=1ffbdd1f EBP=00006974 ESP=00006974
EIP=00008b3b EFL=00000006 [-----P-] CPL=0 II=0 A20=1 SMM=0 HLT=0
ES =de00 000de000 ffffffff 00809300
CS =f000 000f0000 ffffffff 00809b00
SS =0000 00000000 ffffffff 00809300
DS =0000 00000000 ffffffff 00809300
FS =0000 00000000 ffffffff 00809300
GS =ca00 000ca000 ffffffff 00809300
LDT=0000 00000000 0000ffff 00008200
TR =0000 00000000 0000ffff 00008b00
GDT=     00000000 00000000
IDT=     00000000 000003ff
CR0=00000010 CR2=00000000 CR3=00000000 CR4=00000000
DR0=0000000000000000 DR1=0000000000000000 DR2=0000000000000000 DR3=0000000000000000 
DR6=00000000ffff0ff0 DR7=0000000000000400
CCS=00000004 CCD=00006974 CCO=EFLAGS  
EFER=0000000000000000
SMM: after RSM
EAX=000000b5 EBX=000f8b3c ECX=00001234 EDX=0000de00
ESI=000069b4 EDI=1ffbdd1f EBP=00006974 ESP=00006974
EIP=000f8b3c EFL=00000002 [-------] CPL=0 II=0 A20=1 SMM=0 HLT=0
ES =0010 00000000 ffffffff 00c09300 DPL=0 DS   [-WA]
CS =0008 00000000 ffffffff 00c09b00 DPL=0 CS32 [-RA]
SS =0010 00000000 ffffffff 00c09300 DPL=0 DS   [-WA]
DS =0010 00000000 ffffffff 00c09300 DPL=0 DS   [-WA]
FS =0010 00000000 ffffffff 00c09300 DPL=0 DS   [-WA]
GS =0010 00000000 ffffffff 00c09300 DPL=0 DS   [-WA]
LDT=0000 00000000 0000ffff 00008200 DPL=0 LDT
TR =0000 00000000 0000ffff 00008b00 DPL=0 TSS32-busy
GDT=     000f7080 00000037
IDT=     000f70be 00000000
CR0=00000011 CR2=00000000 CR3=00000000 CR4=00000000
DR0=0000000000000000 DR1=0000000000000000 DR2=0000000000000000 DR3=0000000000000000 
DR6=00000000ffff0ff0 DR7=0000000000000400
CCS=00000000 CCD=000a7fe4 CCO=EFLAGS  
EFER=0000000000000000
SMM: enter
EAX=000000b5 EBX=00008b56 ECX=00005678 EDX=1ffabcc4
ESI=1ff93eb0 EDI=1ffbdd1f EBP=00006974 ESP=00006974
EIP=000f8b55 EFL=00000016 [----AP-] CPL=0 II=0 A20=1 SMM=0 HLT=0
ES =0010 00000000 ffffffff 00c09300 DPL=0 DS   [-WA]
CS =0008 00000000 ffffffff 00c09b00 DPL=0 CS32 [-RA]
SS =0010 00000000 ffffffff 00c09300 DPL=0 DS   [-WA]
DS =0010 00000000 ffffffff 00c09300 DPL=0 DS   [-WA]
FS =0010 00000000 ffffffff 00c09300 DPL=0 DS   [-WA]
GS =0010 00000000 ffffffff 00c09300 DPL=0 DS   [-WA]
LDT=0000 00000000 0000ffff 00008200 DPL=0 LDT
TR =0000 00000000 0000ffff 00008b00 DPL=0 TSS32-busy
GDT=     000f7080 00000037
IDT=     000f70be 00000000
CR0=00000011 CR2=00000000 CR3=00000000 CR4=00000000
DR0=0000000000000000 DR1=0000000000000000 DR2=0000000000000000 DR3=0000000000000000 
DR6=00000000ffff0ff0 DR7=0000000000000400
CCS=00000014 CCD=00006960 CCO=EFLAGS  
EFER=0000000000000000
SMM: after RSM
EAX=000000b5 EBX=00008b56 ECX=00005678 EDX=1ffabcc4
ESI=1ff93eb0 EDI=1ffbdd1f EBP=00006974 ESP=00006974
EIP=00008b56 EFL=00000006 [-----P-] CPL=0 II=0 A20=1 SMM=0 HLT=0
ES =de00 000de000 ffffffff 00809300
CS =f000 000f0000 ffffffff 00809b00
SS =0000 00000000 ffffffff 00809300
DS =0000 00000000 ffffffff 00809300
FS =0000 00000000 ffffffff 00809300
GS =ca00 000ca000 ffffffff 00809300
LDT=0000 00000000 0000ffff 00008200
TR =0000 00000000 0000ffff 00008b00
GDT=     00000000 00000000
IDT=     00000000 000003ff
CR0=00000010 CR2=00000000 CR3=00000000 CR4=00000000
DR0=0000000000000000 DR1=0000000000000000 DR2=0000000000000000 DR3=0000000000000000 
DR6=00000000ffff0ff0 DR7=0000000000000400
CCS=00000004 CCD=000a7fe4 CCO=EFLAGS  
EFER=0000000000000000
SMM: enter
EAX=000000b5 EBX=000f8b3c ECX=00001234 EDX=0000de00
ESI=000069ba EDI=1ffbdd1f EBP=0000697a ESP=0000697a
EIP=00008b3b EFL=00000002 [-------] CPL=0 II=0 A20=1 SMM=0 HLT=0
ES =de00 000de000 ffffffff 00809300
CS =f000 000f0000 ffffffff 00809b00
SS =0000 00000000 ffffffff 00809300
DS =0000 00000000 ffffffff 00809300
FS =0000 00000000 ffffffff 00809300
GS =ca00 000ca000 ffffffff 00809300
LDT=0000 00000000 0000ffff 00008200
TR =0000 00000000 0000ffff 00008b00
GDT=     00000000 00000000
IDT=     00000000 000003ff
CR0=00000010 CR2=00000000 CR3=00000000 CR4=00000000
DR0=0000000000000000 DR1=0000000000000000 DR2=0000000000000000 DR3=0000000000000000 
DR6=00000000ffff0ff0 DR7=0000000000000400
CCS=00000000 CCD=0000697a CCO=EFLAGS  
EFER=0000000000000000
SMM: after RSM
EAX=000000b5 EBX=000f8b3c ECX=00001234 EDX=0000de00
ESI=000069ba EDI=1ffbdd1f EBP=0000697a ESP=0000697a
EIP=000f8b3c EFL=00000002 [-------] CPL=0 II=0 A20=1 SMM=0 HLT=0
ES =0010 00000000 ffffffff 00c09300 DPL=0 DS   [-WA]
CS =0008 00000000 ffffffff 00c09b00 DPL=0 CS32 [-RA]
SS =0010 00000000 ffffffff 00c09300 DPL=0 DS   [-WA]
DS =0010 00000000 ffffffff 00c09300 DPL=0 DS   [-WA]
FS =0010 00000000 ffffffff 00c09300 DPL=0 DS   [-WA]
GS =0010 00000000 ffffffff 00c09300 DPL=0 DS   [-WA]
LDT=0000 00000000 0000ffff 00008200 DPL=0 LDT
TR =0000 00000000 0000ffff 00008b00 DPL=0 TSS32-busy
GDT=     000f7080 00000037
IDT=     000f70be 00000000
CR0=00000011 CR2=00000000 CR3=00000000 CR4=00000000
DR0=0000000000000000 DR1=0000000000000000 DR2=0000000000000000 DR3=0000000000000000 
DR6=00000000ffff0ff0 DR7=0000000000000400
CCS=00000000 CCD=000a7fe4 CCO=EFLAGS  
EFER=0000000000000000
SMM: enter
EAX=000000b5 EBX=00008b56 ECX=00005678 EDX=00000014
ESI=00000000 EDI=1ffbdd1f EBP=0000697a ESP=0000697a
EIP=000f8b55 EFL=00000016 [----AP-] CPL=0 II=0 A20=1 SMM=0 HLT=0
ES =0010 00000000 ffffffff 00c09300 DPL=0 DS   [-WA]
CS =0008 00000000 ffffffff 00c09b00 DPL=0 CS32 [-RA]
SS =0010 00000000 ffffffff 00c09300 DPL=0 DS   [-WA]
DS =0010 00000000 ffffffff 00c09300 DPL=0 DS   [-WA]
FS =0010 00000000 ffffffff 00c09300 DPL=0 DS   [-WA]
GS =0010 00000000 ffffffff 00c09300 DPL=0 DS   [-WA]
LDT=0000 00000000 0000ffff 00008200 DPL=0 LDT
TR =0000 00000000 0000ffff 00008b00 DPL=0 TSS32-busy
GDT=     000f7080 00000037
IDT=     000f70be 00000000
CR0=00000011 CR2=00000000 CR3=00000000 CR4=00000000
DR0=0000000000000000 DR1=0000000000000000 DR2=0000000000000000 DR3=0000000000000000 
DR6=00000000ffff0ff0 DR7=0000000000000400
CCS=00000014 CCD=00006966 CCO=EFLAGS  
EFER=0000000000000000
SMM: after RSM
EAX=000000b5 EBX=00008b56 ECX=00005678 EDX=00000014
ESI=00000000 EDI=1ffbdd1f EBP=0000697a ESP=0000697a
EIP=00008b56 EFL=00000002 [-------] CPL=0 II=0 A20=1 SMM=0 HLT=0
ES =de00 000de000 ffffffff 00809300
CS =f000 000f0000 ffffffff 00809b00
SS =0000 00000000 ffffffff 00809300
DS =0000 00000000 ffffffff 00809300
FS =0000 00000000 ffffffff 00809300
GS =ca00 000ca000 ffffffff 00809300
LDT=0000 00000000 0000ffff 00008200
TR =0000 00000000 0000ffff 00008b00
GDT=     00000000 00000000
IDT=     00000000 000003ff
CR0=00000010 CR2=00000000 CR3=00000000 CR4=00000000
DR0=0000000000000000 DR1=0000000000000000 DR2=0000000000000000 DR3=0000000000000000 
DR6=00000000ffff0ff0 DR7=0000000000000400
CCS=00000000 CCD=000a7fe4 CCO=EFLAGS  
EFER=0000000000000000
SMM: enter
EAX=000000b5 EBX=000f8b3c ECX=00001234 EDX=0000de00
ESI=000069b4 EDI=1ffbdd1f EBP=00006974 ESP=00006974
EIP=00008b3b EFL=00000006 [-----P-] CPL=0 II=0 A20=1 SMM=0 HLT=0
ES =de00 000de000 ffffffff 00809300
CS =f000 000f0000 ffffffff 00809b00
SS =0000 00000000 ffffffff 00809300
DS =0000 00000000 ffffffff 00809300
FS =0000 00000000 ffffffff 00809300
GS =ca00 000ca000 ffffffff 00809300
LDT=0000 00000000 0000ffff 00008200
TR =0000 00000000 0000ffff 00008b00
GDT=     00000000 00000000
IDT=     00000000 000003ff
CR0=00000010 CR2=00000000 CR3=00000000 CR4=00000000
DR0=0000000000000000 DR1=0000000000000000 DR2=0000000000000000 DR3=0000000000000000 
DR6=00000000ffff0ff0 DR7=0000000000000400
CCS=00000004 CCD=00006974 CCO=EFLAGS  
EFER=0000000000000000
SMM: after RSM
EAX=000000b5 EBX=000f8b3c ECX=00001234 EDX=0000de00
ESI=000069b4 EDI=1ffbdd1f EBP=00006974 ESP=00006974
EIP=000f8b3c EFL=00000002 [-------] CPL=0 II=0 A20=1 SMM=0 HLT=0
ES =0010 00000000 ffffffff 00c09300 DPL=0 DS   [-WA]
CS =0008 00000000 ffffffff 00c09b00 DPL=0 CS32 [-RA]
SS =0010 00000000 ffffffff 00c09300 DPL=0 DS   [-WA]
DS =0010 00000000 ffffffff 00c09300 DPL=0 DS   [-WA]
FS =0010 00000000 ffffffff 00c09300 DPL=0 DS   [-WA]
GS =0010 00000000 ffffffff 00c09300 DPL=0 DS   [-WA]
LDT=0000 00000000 0000ffff 00008200 DPL=0 LDT
TR =0000 00000000 0000ffff 00008b00 DPL=0 TSS32-busy
GDT=     000f7080 00000037
IDT=     000f70be 00000000
CR0=00000011 CR2=00000000 CR3=00000000 CR4=00000000
DR0=0000000000000000 DR1=0000000000000000 DR2=0000000000000000 DR3=0000000000000000 
DR6=00000000ffff0ff0 DR7=0000000000000400
CCS=00000000 CCD=000a7fe4 CCO=EFLAGS  
EFER=0000000000000000
SMM: enter
EAX=000000b5 EBX=00008b56 ECX=00005678 EDX=1ffabbc4
ESI=1fef3eb0 EDI=1ffbdd1f EBP=00006974 ESP=00006974
EIP=000f8b55 EFL=00000016 [----AP-] CPL=0 II=0 A20=1 SMM=0 HLT=0
ES =0010 00000000 ffffffff 00c09300 DPL=0 DS   [-WA]
CS =0008 00000000 ffffffff 00c09b00 DPL=0 CS32 [-RA]
SS =0010 00000000 ffffffff 00c09300 DPL=0 DS   [-WA]
DS =0010 00000000 ffffffff 00c09300 DPL=0 DS   [-WA]
FS =0010 00000000 ffffffff 00c09300 DPL=0 DS   [-WA]
GS =0010 00000000 ffffffff 00c09300 DPL=0 DS   [-WA]
LDT=0000 00000000 0000ffff 00008200 DPL=0 LDT
TR =0000 00000000 0000ffff 00008b00 DPL=0 TSS32-busy
GDT=     000f7080 00000037
IDT=     000f70be 00000000
CR0=00000011 CR2=00000000 CR3=00000000 CR4=00000000
DR0=0000000000000000 DR1=0000000000000000 DR2=0000000000000000 DR3=0000000000000000 
DR6=00000000ffff0ff0 DR7=0000000000000400
CCS=00000014 CCD=00006960 CCO=EFLAGS  
EFER=0000000000000000
SMM: after RSM
EAX=000000b5 EBX=00008b56 ECX=00005678 EDX=1ffabbc4
ESI=1fef3eb0 EDI=1ffbdd1f EBP=00006974 ESP=00006974
EIP=00008b56 EFL=00000006 [-----P-] CPL=0 II=0 A20=1 SMM=0 HLT=0
ES =de00 000de000 ffffffff 00809300
CS =f000 000f0000 ffffffff 00809b00
SS =0000 00000000 ffffffff 00809300
DS =0000 00000000 ffffffff 00809300
FS =0000 00000000 ffffffff 00809300
GS =ca00 000ca000 ffffffff 00809300
LDT=0000 00000000 0000ffff 00008200
TR =0000 00000000 0000ffff 00008b00
GDT=     00000000 00000000
IDT=     00000000 000003ff
CR0=00000010 CR2=00000000 CR3=00000000 CR4=00000000
DR0=0000000000000000 DR1=0000000000000000 DR2=0000000000000000 DR3=0000000000000000 
DR6=00000000ffff0ff0 DR7=0000000000000400
CCS=00000004 CCD=000a7fe4 CCO=EFLAGS  
EFER=0000000000000000
check_exception old: 0xffffffff new 0x6
     0: v=06 e=0000 i=0 cpl=0 IP=0010:0000000000842033 pc=0000000000842033 SP=0018:000000000007fefc env->regs[R_EAX]=0000000036d7624c
EAX=36d7624c EBX=008cc310 ECX=00000000 EDX=00000000
ESI=00000000 EDI=00000000 EBP=00000000 ESP=0007fefc
EIP=00842033 EFL=00000046 [---Z-P-] CPL=0 II=0 A20=1 SMM=0 HLT=0
ES =0018 00000000 ffffffff 00cf9300 DPL=0 DS   [-WA]
CS =0010 00000000 ffffffff 00cf9a00 DPL=0 CS32 [-R-]
SS =0018 00000000 ffffffff 00cf9300 DPL=0 DS   [-WA]
DS =0018 00000000 ffffffff 00cf9300 DPL=0 DS   [-WA]
FS =0018 00000000 ffffffff 00cf9300 DPL=0 DS   [-WA]
GS =0018 00000000 ffffffff 00cf9300 DPL=0 DS   [-WA]
LDT=0000 00000000 0000ffff 00008200 DPL=0 LDT
TR =0000 00000000 0000ffff 00008b00 DPL=0 TSS32-busy
GDT=     008cce40 00000020
IDT=     00000000 00000000
CR0=00000011 CR2=00000000 CR3=00000000 CR4=00000000
DR0=0000000000000000 DR1=0000000000000000 DR2=0000000000000000 DR3=0000000000000000 
DR6=00000000ffff0ff0 DR7=0000000000000400
CCS=00000000 CCD=00000000 CCO=ADDL    
EFER=0000000000000000
check_exception old: 0xffffffff new 0xd
     1: v=0d e=0032 i=0 cpl=0 IP=0010:0000000000842033 pc=0000000000842033 SP=0018:000000000007fefc env->regs[R_EAX]=0000000036d7624c
EAX=36d7624c EBX=008cc310 ECX=00000000 EDX=00000000
ESI=00000000 EDI=00000000 EBP=00000000 ESP=0007fefc
EIP=00842033 EFL=00000046 [---Z-P-] CPL=0 II=0 A20=1 SMM=0 HLT=0
ES =0018 00000000 ffffffff 00cf9300 DPL=0 DS   [-WA]
CS =0010 00000000 ffffffff 00cf9a00 DPL=0 CS32 [-R-]
SS =0018 00000000 ffffffff 00cf9300 DPL=0 DS   [-WA]
DS =0018 00000000 ffffffff 00cf9300 DPL=0 DS   [-WA]
FS =0018 00000000 ffffffff 00cf9300 DPL=0 DS   [-WA]
GS =0018 00000000 ffffffff 00cf9300 DPL=0 DS   [-WA]
LDT=0000 00000000 0000ffff 00008200 DPL=0 LDT
TR =0000 00000000 0000ffff 00008b00 DPL=0 TSS32-busy
GDT=     008cce40 00000020
IDT=     00000000 00000000
CR0=00000011 CR2=00000000 CR3=00000000 CR4=00000000
DR0=0000000000000000 DR1=0000000000000000 DR2=0000000000000000 DR3=0000000000000000 
DR6=00000000ffff0ff0 DR7=0000000000000400
CCS=00000000 CCD=00000000 CCO=ADDL    
EFER=0000000000000000
check_exception old: 0xd new 0xd
     2: v=08 e=0000 i=0 cpl=0 IP=0010:0000000000842033 pc=0000000000842033 SP=0018:000000000007fefc env->regs[R_EAX]=0000000036d7624c
EAX=36d7624c EBX=008cc310 ECX=00000000 EDX=00000000
ESI=00000000 EDI=00000000 EBP=00000000 ESP=0007fefc
EIP=00842033 EFL=00000046 [---Z-P-] CPL=0 II=0 A20=1 SMM=0 HLT=0
ES =0018 00000000 ffffffff 00cf9300 DPL=0 DS   [-WA]
CS =0010 00000000 ffffffff 00cf9a00 DPL=0 CS32 [-R-]
SS =0018 00000000 ffffffff 00cf9300 DPL=0 DS   [-WA]
DS =0018 00000000 ffffffff 00cf9300 DPL=0 DS   [-WA]
FS =0018 00000000 ffffffff 00cf9300 DPL=0 DS   [-WA]
GS =0018 00000000 ffffffff 00cf9300 DPL=0 DS   [-WA]
LDT=0000 00000000 0000ffff 00008200 DPL=0 LDT
TR =0000 00000000 0000ffff 00008b00 DPL=0 TSS32-busy
GDT=     008cce40 00000020
IDT=     00000000 00000000
CR0=00000011 CR2=00000000 CR3=00000000 CR4=00000000
DR0=0000000000000000 DR1=0000000000000000 DR2=0000000000000000 DR3=0000000000000000 
DR6=00000000ffff0ff0 DR7=0000000000000400
CCS=00000000 CCD=00000000 CCO=ADDL    
EFER=0000000000000000
check_exception old: 0x8 new 0xd
